Microchip MPLAB XC8 Compiler V1.37 ()

Linker command line:

--edf=C:\Program Files (x86)\Microchip\xc8\v1.37\dat\en_msgs.txt -cs \
  -h+dist/default/production\LINX_Transmit.X.production.sym \
  --cmf=dist/default/production\LINX_Transmit.X.production.cmf -z \
  -Q18LF2520 -oC:\Users\Jim\AppData\Local\Temp\s7ds.2 \
  -Mdist/default/production/LINX_Transmit.X.production.map -E1 -ver=XC8 \
  -ASTACK=080h-05ffh -pstack=STACK -ACODE=00h-07FFFh -ACONST=00h-07FFFh \
  -ASMALLCONST=0600h-06FFhx122 -AMEDIUMCONST=0600h-07FFFh -ACOMRAM=01h-07Fh \
  -AABS1=00h-05FFh -ABIGRAM=01h-05FFh -ARAM=080h-0FFh,0100h-01FFhx5 \
  -ABANK0=080h-0FFh -ABANK1=0100h-01FFh -ABANK2=0200h-02FFh \
  -ABANK3=0300h-03FFh -ABANK4=0400h-04FFh -ABANK5=0500h-05FFh \
  -ASFR=0F80h-0FFFh \
  -preset_vec=00h,intcode=08h,intcodelo,powerup,init,end_init \
  -pramtop=0600h -psmallconst=SMALLCONST -pmediumconst=MEDIUMCONST \
  -pconst=CONST -AFARRAM=00h-00h -ACONFIG=0300000h-030000Dh -pconfig=CONFIG \
  -AIDLOC=0200000h-0200007h -pidloc=IDLOC -AEEDATA=0F00000h-0F000FFh \
  -peeprom_data=EEDATA \
  -prdata=COMRAM,nvrram=COMRAM,nvbit=COMRAM,rbss=COMRAM,rbit=COMRAM \
  -pfarbss=FARRAM,fardata=FARRAM,nvFARRAM=FARRAM \
  -pintsave_regs=BIGRAM,bigbss=BIGRAM,bigdata=BIGRAM -pbss=RAM \
  -pidata=CODE,irdata=CODE,ibigdata=CODE,ifardata=CODE -prparam=COMRAM \
  C:\Users\Jim\AppData\Local\Temp\s7ds.obj \
  dist/default/production\LINX_Transmit.X.production.obj 

Object code version is 3.11

Machine type is 18LF2520

Call graph: (short form)




                Name                               Link     Load   Length Selector   Space Scale
C:\Users\Jim\AppData\Local\Temp\s7ds.obj
                end_init                             82       82        4        4       0
                reset_vec                             0        0        4        0       0
                idloc                            200000   200000        8   200000       0
                config                           300000   300000        E   300000       0
dist/default/production\LINX_Transmit.X.production.obj
                intcode                               8        8       7A        4       0
                temp                                 61       61        1        1       1
                text4                               3E6      3E6       44        4       0
                text3                               27E      27E      106        4       0
                text2                               384      384       62        4       0
                text1                               464      464        C        4       0
                text0                                86       86      1F8        4       0
                cstackCOMRAM                          1        1       50        1       1
                dataCOMRAM                           51       51       10        1       1
                cinit                               42A      42A       2A        4       0
                idataCOMRAM                         454      454       10        4       0

TOTAL           Name                               Link     Load   Length     Space
        CLASS   STACK          

        CLASS   CODE           
                end_init                             82       82        4         0
                intcode                               8        8       7A         0
                reset_vec                             0        0        4         0
                text4                               3E6      3E6       44         0
                text3                               27E      27E      106         0
                text2                               384      384       62         0
                text1                               464      464        C         0
                text0                                86       86      1F8         0
                cinit                               42A      42A       2A         0
                idataCOMRAM                         454      454       10         0

        CLASS   CONST          

        CLASS   SMALLCONST     

        CLASS   MEDIUMCONST    

        CLASS   COMRAM         
                temp                                 61       61        1         1
                cstackCOMRAM                          1        1       50         1
                dataCOMRAM                           51       51       10         1

        CLASS   ABS1           

        CLASS   BIGRAM         

        CLASS   RAM            

        CLASS   BANK0          

        CLASS   BANK1          

        CLASS   BANK2          

        CLASS   BANK3          

        CLASS   BANK4          

        CLASS   BANK5          

        CLASS   SFR            

        CLASS   FARRAM         

        CLASS   CONFIG         
                config                           300000   300000        E         0

        CLASS   IDLOC          
                idloc                            200000   200000        8         0

        CLASS   EEDATA         



SEGMENTS        Name                           Load    Length   Top    Selector   Space  Class

                reset_vec                      000000  000004  000004         0       0  CODE    
                cstackCOMRAM                   000001  000061  000062         1       1  COMRAM  
                intcode                        000008  000468  000470         4       0  CODE    
                idloc                          200000  000008  200008    200000       0  IDLOC   
                config                         300000  00000E  30000E    300000       0  CONFIG  


UNUSED ADDRESS RANGES

        Name                Unused          Largest block    Delta
        BANK0            000080-0000FF               80
        BANK1            000100-0001FF              100
        BANK2            000200-0002FF              100
        BANK3            000300-0003FF              100
        BANK4            000400-0004FF              100
        BANK5            000500-0005FF              100
        BIGRAM           000062-0005FF              59E
        CODE             000004-000007                4
                         000470-007FFF             7B90
        COMRAM           000062-00007F               1E
        CONST            000004-000007                4
                         000470-007FFF             7B90
        EEDATA           F00000-F000FF              100
        MEDIUMCONST      000600-007FFF             7A00
        RAM              000080-0005FF              100
        SFR              000F80-000FFF               80
        SMALLCONST       000600-007FFF              100
        STACK            000080-0005FF              580

                                  Symbol Table

?_getOutData             cstackCOMRAM 00000F
DelayMs@i                cstackCOMRAM 00000F
DelayMs@j                cstackCOMRAM 000011
DelayMs@k                cstackCOMRAM 000013
_ADCON0                  (abs)        000FC2
_ADCON1                  (abs)        000FC1
_BAUDCONbits             (abs)        000FB8
_DelayMs                 text4        0003E6
_GIE                     (abs)        007F97
_INTCON                  (abs)        000FF2
_INTCON2                 (abs)        000FF1
_INTCON2bits             (abs)        000FF1
_INTCONbits              (abs)        000FF2
_LATAbits                (abs)        000F89
_PORTAbits               (abs)        000F80
_PORTBbits               (abs)        000F81
_PR2                     (abs)        000FCB
_RBPU                    (abs)        007F8F
_RCIE                    (abs)        007CED
_RCSTAbits               (abs)        000FAB
_SPBRG                   (abs)        000FAF
_T2CON                   (abs)        000FCA
_T2CONbits               (abs)        000FCA
_TMR2IF                  (abs)        007CF1
_TMR2ON                  (abs)        007E52
_TRISA                   (abs)        000F92
_TRISB                   (abs)        000F93
_TRISC                   (abs)        000F94
_TXIE                    (abs)        007CEC
_TXIF                    (abs)        007CF4
_TXREG                   (abs)        000FAD
_TXSTAbits               (abs)        000FAC
__CFG_BOREN$OFF          (abs)        000000
__CFG_CCP2MX$PORTC       (abs)        000000
__CFG_CP0$OFF            (abs)        000000
__CFG_CP1$OFF            (abs)        000000
__CFG_CP2$OFF            (abs)        000000
__CFG_CP3$OFF            (abs)        000000
__CFG_DEBUG$OFF          (abs)        000000
__CFG_FCMEN$OFF          (abs)        000000
__CFG_IESO$OFF           (abs)        000000
__CFG_LPT1OSC$OFF        (abs)        000000
__CFG_LVP$OFF            (abs)        000000
__CFG_MCLRE$ON           (abs)        000000
__CFG_OSC$HS             (abs)        000000
__CFG_PBADEN$OFF         (abs)        000000
__CFG_PWRT$ON            (abs)        000000
__CFG_STVREN$OFF         (abs)        000000
__CFG_WDT$OFF            (abs)        000000
__CFG_XINST$OFF          (abs)        000000
__HRAM                   (abs)        000000
__Habs1                  abs1         000000
__Hbank0                 bank0        000000
__Hbank1                 bank1        000000
__Hbank2                 bank2        000000
__Hbank3                 bank3        000000
__Hbank4                 bank4        000000
__Hbank5                 bank5        000000
__Hbigbss                bigbss       000000
__Hbigdata               bigdata      000000
__Hbigram                bigram       000000
__Hbss                   bss          000000
__Hcinit                 cinit        000000
__Hclrtext               clrtext      000000
__Hcomram                comram       000000
__Hconfig                config       30000E
__Hconst                 const        000000
__HcstackCOMRAM          cstackCOMRAM 000000
__Hdata                  data         000000
__HdataCOMRAM            dataCOMRAM   000000
__Heeprom_data           eeprom_data  000000
__Hend_init              end_init     000086
__Hfarbss                farbss       000000
__Hfardata               fardata      000000
__Hibigdata              ibigdata     000000
__Hidata                 idata        000000
__HidataCOMRAM           idataCOMRAM  000000
__Hidloc                 idloc        200008
__Hifardata              ifardata     000000
__Hinit                  init         000082
__Hintcode               intcode      000082
__Hintcode_body          intcode_body 000000
__Hintcodelo             intcodelo    000082
__Hintentry              intentry     000000
__Hintret                intret       000000
__Hintsave_regs          intsave_regs 000000
__Hirdata                irdata       000000
__Hmediumconst           mediumconst  000000
__HnvFARRAM              nvFARRAM     000000
__Hnvbit                 nvbit        000000
__Hnvrram                nvrram       000000
__Hparam                 rparam       000000
__Hpowerup               powerup      000082
__Hram                   ram          000000
__Hramtop                ramtop       000600
__Hrbit                  rbit         000000
__Hrbss                  rbss         000000
__Hrdata                 rdata        000000
__Hreset_vec             reset_vec    000004
__Hrparam                rparam       000000
__Hsfr                   sfr          000000
__Hsmallconst            smallconst   000000
__Hspace_0               (abs)        30000E
__Hspace_1               (abs)        000062
__Hspace_2               (abs)        000000
__Hstack                 stack        000000
__Hstruct                struct       000000
__Htemp                  temp         000062
__Htext                  text         000000
__Htext0                 text0        000000
__Htext1                 text1        000000
__Htext2                 text2        000000
__Htext3                 text3        000000
__Htext4                 text4        000000
__LRAM                   (abs)        000001
__Labs1                  abs1         000000
__Lbank0                 bank0        000000
__Lbank1                 bank1        000000
__Lbank2                 bank2        000000
__Lbank3                 bank3        000000
__Lbank4                 bank4        000000
__Lbank5                 bank5        000000
__Lbigbss                bigbss       000000
__Lbigdata               bigdata      000000
__Lbigram                bigram       000000
__Lbss                   bss          000000
__Lcinit                 cinit        000000
__Lclrtext               clrtext      000000
__Lcomram                comram       000000
__Lconfig                config       300000
__Lconst                 const        000000
__LcstackCOMRAM          cstackCOMRAM 000000
__Ldata                  data         000000
__LdataCOMRAM            dataCOMRAM   000000
__Leeprom_data           eeprom_data  000000
__Lend_init              end_init     000082
__Lfarbss                farbss       000000
__Lfardata               fardata      000000
__Libigdata              ibigdata     000000
__Lidata                 idata        000000
__LidataCOMRAM           idataCOMRAM  000000
__Lidloc                 idloc        200000
__Lifardata              ifardata     000000
__Linit                  init         000082
__Lintcode               intcode      000008
__Lintcode_body          intcode_body 000000
__Lintcodelo             intcodelo    000082
__Lintentry              intentry     000000
__Lintret                intret       000000
__Lintsave_regs          intsave_regs 000000
__Lirdata                irdata       000000
__Lmediumconst           mediumconst  000000
__LnvFARRAM              nvFARRAM     000000
__Lnvbit                 nvbit        000000
__Lnvrram                nvrram       000000
__Lparam                 rparam       000000
__Lpowerup               powerup      000082
__Lram                   ram          000000
__Lramtop                ramtop       000600
__Lrbit                  rbit         000000
__Lrbss                  rbss         000000
__Lrdata                 rdata        000000
__Lreset_vec             reset_vec    000000
__Lrparam                rparam       000000
__Lsfr                   sfr          000000
__Lsmallconst            smallconst   000000
__Lspace_0               (abs)        000000
__Lspace_1               (abs)        000000
__Lspace_2               (abs)        000000
__Lstack                 stack        000000
__Lstruct                struct       000000
__Ltemp                  temp         000061
__Ltext                  text         000000
__Ltext0                 text0        000000
__Ltext1                 text1        000000
__Ltext2                 text2        000000
__Ltext3                 text3        000000
__Ltext4                 text4        000000
__S0                     (abs)        30000E
__S1                     (abs)        000062
__S2                     (abs)        000000
___inthi_sp              stack        000000
___intlo_sp              stack        000000
___param_bank            (abs)        000010
___rparam_used           (abs)        000001
___sp                    stack        000000
__accesstop              (abs)        000080
__activetblptr           (abs)        000000
__end_of_DelayMs         text4        00042A
__end_of__initialization cinit        00044A
__end_of_getOutData      text3        000384
__end_of_init            text2        0003E6
__end_of_isr             intcode      000082
__end_of_main            text0        00027E
__end_of_putch           text1        000470
__initialization         cinit        00042A
__mediumconst            mediumconst  000000
__pcinit                 cinit        00042A
__pcstackCOMRAM          cstackCOMRAM 000001
__pdataCOMRAM            dataCOMRAM   000051
__pidataCOMRAM           idataCOMRAM  000454
__pintcode               intcode      000008
__ptext0                 text0        000086
__ptext1                 text1        000464
__ptext2                 text2        000384
__ptext3                 text3        00027E
__ptext4                 text4        0003E6
__ramtop                 ramtop       000600
__size_of_DelayMs        (abs)        000000
__size_of_getOutData     (abs)        000000
__size_of_init           (abs)        000000
__size_of_isr            (abs)        000000
__size_of_main           (abs)        000000
__size_of_putch          (abs)        000000
__smallconst             smallconst   000000
_getOutData              text3        00027E
_init                    text2        000384
_isr                     intcode      000008
_main                    text0        000086
_putch                   text1        000464
btemp                    temp         000061
end_of_initialization    cinit        00044A
getOutData@dataInt       cstackCOMRAM 00001B
getOutData@dataMask      cstackCOMRAM 000027
getOutData@dataOut       cstackCOMRAM 00000F
getOutData@i             cstackCOMRAM 000023
getOutData@intMask       cstackCOMRAM 00001F
getOutData@xorInt        cstackCOMRAM 000017
int$flags                temp         000061
intlevel0                text         000000
intlevel1                text         000000
intlevel2                text         000000
intlevel3                text         000000
main@F3065               dataCOMRAM   000051
main@TXstate             cstackCOMRAM 000050
main@Timer2Counter       cstackCOMRAM 00004E
main@XMITbuffer          cstackCOMRAM 00002D
main@bitCounter          cstackCOMRAM 000045
main@ch                  cstackCOMRAM 000047
main@command             cstackCOMRAM 00004C
main@dataOut             cstackCOMRAM 000048
main@dataOutInt          cstackCOMRAM 000041
main@dataOutMask         cstackCOMRAM 00003D
main@i                   cstackCOMRAM 00004A
main@pulseCounter        cstackCOMRAM 000046
main@testByte            cstackCOMRAM 00004B
putch@TxByte             cstackCOMRAM 00000F
stackhi                  (abs)        0005FF
stacklo                  (abs)        000080
start                    init         000082
start_initialization     cinit        00042A


FUNCTION INFORMATION:

 *************** function _main *****************
 Defined at:
		line 63 in file "../main.c"
 Parameters:    Size  Location     Type
		None
 Auto vars:     Size  Location     Type
  XMITbuffer     16   44[COMRAM] unsigned char [16]
  dataOutInt      4   64[COMRAM] unsigned long 
  dataOutMask     4   60[COMRAM] unsigned long 
  Timer2Counte    2   77[COMRAM] unsigned short 
  command         2   75[COMRAM] unsigned short 
  dataOut         2   71[COMRAM] unsigned short 
  TXstate         1   79[COMRAM] unsigned char 
  testByte        1   74[COMRAM] unsigned char 
  i               1   73[COMRAM] unsigned char 
  ch              1   70[COMRAM] unsigned char 
  pulseCounter    1   69[COMRAM] unsigned char 
  bitCounter      1   68[COMRAM] unsigned char 
 Return value:  Size  Location     Type
                  1    wreg      void 
 Registers used:
		wreg, fsr1l, fsr1h, fsr2l, fsr2h, status,2, status,0, prodl, prodh, cstack
 Tracked objects:
		On entry : 
		On exit  : 
		Unchanged: 
 Data sizes:     COMRAM   BANK0   BANK1   BANK2   BANK3   BANK4   BANK5
      Params:         0       0       0       0       0       0       0
      Locals:        36       0       0       0       0       0       0
      Temps:          2       0       0       0       0       0       0
      Totals:        38       0       0       0       0       0       0
Total ram usage:       38 bytes
 Hardware stack levels required when called:    2
 This function calls:
		_DelayMs
		_getOutData
		_init
		_putch
 This function is called by:
		Startup code after reset
 This function uses a non-reentrant model


 *************** function _putch *****************
 Defined at:
		line 234 in file "../main.c"
 Parameters:    Size  Location     Type
  TxByte          1    wreg     unsigned char 
 Auto vars:     Size  Location     Type
  TxByte          1   14[COMRAM] unsigned char 
 Return value:  Size  Location     Type
                  1    wreg      void 
 Registers used:
		wreg
 Tracked objects:
		On entry : 
		On exit  : 
		Unchanged: 
 Data sizes:     COMRAM   BANK0   BANK1   BANK2   BANK3   BANK4   BANK5
      Params:         0       0       0       0       0       0       0
      Locals:         1       0       0       0       0       0       0
      Temps:          0       0       0       0       0       0       0
      Totals:         1       0       0       0       0       0       0
Total ram usage:        1 bytes
 Hardware stack levels used:    1
 Hardware stack levels required when called:    1
 This function calls:
		Nothing
 This function is called by:
		_main
 This function uses a non-reentrant model


 *************** function _init *****************
 Defined at:
		line 169 in file "../main.c"
 Parameters:    Size  Location     Type
		None
 Auto vars:     Size  Location     Type
		None
 Return value:  Size  Location     Type
                  1    wreg      void 
 Registers used:
		wreg, status,2
 Tracked objects:
		On entry : 
		On exit  : 
		Unchanged: 
 Data sizes:     COMRAM   BANK0   BANK1   BANK2   BANK3   BANK4   BANK5
      Params:         0       0       0       0       0       0       0
      Locals:         0       0       0       0       0       0       0
      Temps:          0       0       0       0       0       0       0
      Totals:         0       0       0       0       0       0       0
Total ram usage:        0 bytes
 Hardware stack levels used:    1
 Hardware stack levels required when called:    1
 This function calls:
		Nothing
 This function is called by:
		_main
 This function uses a non-reentrant model


 *************** function _getOutData *****************
 Defined at:
		line 47 in file "../main.c"
 Parameters:    Size  Location     Type
  dataOut         4   14[COMRAM] unsigned long 
 Auto vars:     Size  Location     Type
  dataMask        4   38[COMRAM] unsigned long 
  i               4   34[COMRAM] unsigned long 
  intMask         4   30[COMRAM] unsigned long 
  dataInt         4   26[COMRAM] unsigned long 
  xorInt          4   22[COMRAM] unsigned long 
 Return value:  Size  Location     Type
                  4   14[COMRAM] unsigned long 
 Registers used:
		wreg, status,2, status,0
 Tracked objects:
		On entry : 
		On exit  : 
		Unchanged: 
 Data sizes:     COMRAM   BANK0   BANK1   BANK2   BANK3   BANK4   BANK5
      Params:         4       0       0       0       0       0       0
      Locals:        20       0       0       0       0       0       0
      Temps:          4       0       0       0       0       0       0
      Totals:        28       0       0       0       0       0       0
Total ram usage:       28 bytes
 Hardware stack levels used:    1
 Hardware stack levels required when called:    1
 This function calls:
		Nothing
 This function is called by:
		_main
 This function uses a non-reentrant model


 *************** function _DelayMs *****************
 Defined at:
		line 17 in file "../DELAY16.c"
 Parameters:    Size  Location     Type
  i               2   14[COMRAM] unsigned int 
 Auto vars:     Size  Location     Type
  j               2   16[COMRAM] int 
  k               1   18[COMRAM] unsigned char 
 Return value:  Size  Location     Type
                  1    wreg      void 
 Registers used:
		wreg, status,2, status,0
 Tracked objects:
		On entry : 
		On exit  : 
		Unchanged: 
 Data sizes:     COMRAM   BANK0   BANK1   BANK2   BANK3   BANK4   BANK5
      Params:         2       0       0       0       0       0       0
      Locals:         3       0       0       0       0       0       0
      Temps:          0       0       0       0       0       0       0
      Totals:         5       0       0       0       0       0       0
Total ram usage:        5 bytes
 Hardware stack levels used:    1
 Hardware stack levels required when called:    1
 This function calls:
		Nothing
 This function is called by:
		_main
 This function uses a non-reentrant model


 *************** function _isr *****************
 Defined at:
		line 230 in file "../main.c"
 Parameters:    Size  Location     Type
		None
 Auto vars:     Size  Location     Type
		None
 Return value:  Size  Location     Type
                  1    wreg      void 
 Registers used:
		None
 Tracked objects:
		On entry : 
		On exit  : 
		Unchanged: 
 Data sizes:     COMRAM   BANK0   BANK1   BANK2   BANK3   BANK4   BANK5
      Params:         0       0       0       0       0       0       0
      Locals:         0       0       0       0       0       0       0
      Temps:         14       0       0       0       0       0       0
      Totals:        14       0       0       0       0       0       0
Total ram usage:       14 bytes
 Hardware stack levels used:    1
 This function calls:
		Nothing
 This function is called by:
		Interrupt level 2
 This function uses a non-reentrant model



MODULE INFORMATION

Module		Function		Class		Link	Load	Size
../main.c
		_init          		CODE           	0384	0000	99
		_putch         		CODE           	0464	0000	13
		_main          		CODE           	0086	0000	505
		_isr           		CODE           	0008	0000	123
		_getOutData    		CODE           	027E	0000	263

../main.c estimated size: 1003

../DELAY16.c
		_DelayMs       		CODE           	03E6	0000	69

../DELAY16.c estimated size: 69

shared
		__initialization		CODE           	042A	0000	33

shared estimated size: 33

